###############################################################################
#
# IAR ELF Linker V8.30.1.114/W32 for ARM                  22/Aug/2019  18:09:23
# Copyright 2007-2018 IAR Systems AB.
#
#    Output file  =  
#        C:\Users\DAELN\Downloads\EK-TM4C1294_IAR8\Projects\simple_io_main_sp\Debug\Exe\simple_io_main_sp.out
#    Map file     =  
#        C:\Users\DAELN\Downloads\EK-TM4C1294_IAR8\Projects\simple_io_main_sp\Debug\List\simple_io_main_sp.map
#    Command line =  
#        -f C:\Users\DAELN\AppData\Local\Temp\EW43D1.tmp
#        (C:\Users\DAELN\Downloads\EK-TM4C1294_IAR8\TivaWare_C_Series-2.1.4.178\driverlib\ewarm\Exe\driverlib.a
#        C:\Users\DAELN\Downloads\EK-TM4C1294_IAR8\Projects\simple_io_main_sp\Debug\Obj\simple_io_main_sp.o
#        C:\Users\DAELN\Downloads\EK-TM4C1294_IAR8\Projects\simple_io_main_sp\Debug\Obj\startup_TM4C1294.o
#        C:\Users\DAELN\Downloads\EK-TM4C1294_IAR8\Projects\simple_io_main_sp\Debug\Obj\system_TM4C1294_TW.o
#        --no_out_extension -o
#        C:\Users\DAELN\Downloads\EK-TM4C1294_IAR8\Projects\simple_io_main_sp\Debug\Exe\simple_io_main_sp.out
#        --map
#        C:\Users\DAELN\Downloads\EK-TM4C1294_IAR8\Projects\simple_io_main_sp\Debug\List\simple_io_main_sp.map
#        --config "C:\Program Files (x86)\IAR Systems\Embedded Workbench
#        8.1\arm\config\linker\TexasInstruments\TM4C1294NC.icf" --semihosting
#        --entry __iar_program_start --vfe --text_out locale)
#
###############################################################################

*******************************************************************************
*** RUNTIME MODEL ATTRIBUTES
***

CppFlavor       = *
__SystemLibrary = DLib
__dlib_version  = 6


*******************************************************************************
*** HEAP SELECTION
***

The basic heap was selected because some modules are built with
size limitations (and not runtime checking), and --advanced_heap
was not specified.


*******************************************************************************
*** PLACEMENT SUMMARY
***

"A0":  place at 0x0 { ro section .intvec };
"P1":  place in [from 0x0 to 0xf'ffff] { ro };
define block CSTACK with size = 32K, alignment = 8 { };
define block HEAP with size = 64K, alignment = 8 { };
"P2":  place in [from 0x2000'0000 to 0x2003'ffff] {
          rw, block CSTACK, block HEAP };

  Section          Kind         Address    Size  Object
  -------          ----         -------    ----  ------
"A0":                                     0x3c0
  .intvec          ro code          0x0   0x3c0  startup_TM4C1294.o [1]
                                - 0x3c0   0x3c0

"P1":                                     0x8ac
  .text            ro code        0x3c0   0x4ec  sysctl.o [3]
  .text            ro code        0x8ac   0x176  gpio.o [3]
  .text            ro code        0xa22    0x3a  zero_init3.o [4]
  .text            ro code        0xa5c   0x11c  simple_io_main_sp.o [1]
  .text            ro code        0xb78    0x28  systick.o [3]
  .text            ro code        0xba0    0x2c  system_TM4C1294_TW.o [1]
  .text            ro code        0xbcc    0x28  data_init.o [4]
  .iar.init_table  const          0xbf4    0x10  - Linker created -
  .text            ro code        0xc04    0x1e  cmain.o [4]
  .text            ro code        0xc22     0x4  low_level_init.o [2]
  .text            ro code        0xc26     0x4  exit.o [2]
  .text            ro code        0xc2a     0x2  startup_TM4C1294.o [1]
  .text            ro code        0xc2c     0xa  cexit.o [4]
  .text            ro code        0xc38    0x14  exit.o [5]
  .text            ro code        0xc4c    0x14  startup_TM4C1294.o [1]
  .text            ro code        0xc60     0xc  cstartup_M.o [4]
  .rodata          const          0xc6c     0x0  zero_init3.o [4]
                                - 0xc6c   0x8ac

"P2", part 1 of 2:                          0x4
  .bss             zero     0x2000'0000     0x1  simple_io_main_sp.o [1]
                          - 0x2000'0001     0x1

"P2", part 2 of 2:                       0x8004
  .noinit          uninit   0x2000'0004     0x4  system_TM4C1294_TW.o [1]
  CSTACK                    0x2000'0008  0x8000  <Block>
    CSTACK         uninit   0x2000'0008  0x8000  <Block tail>
                          - 0x2000'8008  0x8004

Unused ranges:

         From           To      Size
         ----           --      ----
        0xc6c     0xf'ffff  0xf'f394
  0x2000'8008  0x2003'ffff  0x3'7ff8


*******************************************************************************
*** INIT TABLE
***

          Address      Size
          -------      ----
Zero (__iar_zero_init3)
    1 destination range, total size 0x1:
          0x2000'0000   0x1



*******************************************************************************
*** MODULE SUMMARY
***

    Module                ro code  ro data  rw data
    ------                -------  -------  -------
command line/config:
    -----------------------------------------------
    Total:

C:\Users\DAELN\Downloads\EK-TM4C1294_IAR8\Projects\simple_io_main_sp\Debug\Obj: [1]
    simple_io_main_sp.o       284                 1
    startup_TM4C1294.o        982
    system_TM4C1294_TW.o       44                 4
    -----------------------------------------------
    Total:                  1 310                 5

dl7M_tln.a: [2]
    exit.o                      4
    low_level_init.o            4
    -----------------------------------------------
    Total:                      8

driverlib.a: [3]
    gpio.o                    374
    sysctl.o                1 260
    systick.o                  40
    -----------------------------------------------
    Total:                  1 674

rt7M_tl.a: [4]
    cexit.o                    10
    cmain.o                    30
    cstartup_M.o               12
    data_init.o                40
    zero_init3.o               58
    -----------------------------------------------
    Total:                    150

shb_l.a: [5]
    exit.o                     20
    -----------------------------------------------
    Total:                     20

    Gaps                        2
    Linker created                      16   32 768
---------------------------------------------------
    Grand Total:            3 164       16   32 773


*******************************************************************************
*** ENTRY LIST
***

Entry                       Address   Size  Type      Object
-----                       -------   ----  ----      ------
.iar.init_table$$Base         0xbf4          --   Gb  - Linker created -
.iar.init_table$$Limit        0xc04          --   Gb  - Linker created -
?main                         0xc05         Code  Gb  cmain.o [4]
CSTACK$$Base            0x2000'0008          --   Gb  - Linker created -
CSTACK$$Limit           0x2000'8008          --   Gb  - Linker created -
GPIODirModeSet                0x8ad   0x28  Code  Gb  gpio.o [3]
GPIOPadConfigSet              0x8d5  0x102  Code  Gb  gpio.o [3]
GPIOPinRead                   0x9d7    0x8  Code  Gb  gpio.o [3]
GPIOPinTypeGPIOInput          0x9eb   0x14  Code  Gb  gpio.o [3]
GPIOPinTypeGPIOOutput         0x9ff    0xa  Code  Gb  gpio.o [3]
GPIOPinWrite                  0x9df    0x8  Code  Gb  gpio.o [3]
LED_D1                  0x2000'0000    0x1  Data  Gb  simple_io_main_sp.o [1]
Region$$Table$$Base           0xbf4          --   Gb  - Linker created -
Region$$Table$$Limit          0xc04          --   Gb  - Linker created -
SysCtlClockFreqSet            0x421  0x20a  Code  Gb  sysctl.o [3]
SysCtlPeripheralEnable        0x403    0x8  Code  Gb  sysctl.o [3]
SysCtlPeripheralReady         0x3e1    0x8  Code  Gb  sysctl.o [3]
SysTickEnable                 0xb79    0xc  Code  Gb  systick.o [3]
SysTickIntEnable              0xb85    0xc  Code  Gb  systick.o [3]
SysTickPeriodSet              0xb91    0x8  Code  Gb  systick.o [3]
SysTick_Handler               0xa5d   0x18  Code  Gb  simple_io_main_sp.o [1]
SystemCoreClock         0x2000'0004    0x4  Data  Gb  system_TM4C1294_TW.o [1]
SystemInit                    0xba1   0x1a  Code  Gb  system_TM4C1294_TW.o [1]
_SysCtlMemTimingGet           0x3c1   0x20  Code  Lc  sysctl.o [3]
__Vectors                       0x0          --   Gb  startup_TM4C1294.o [1]
__Vectors_End                 0x3c0         Data  Gb  startup_TM4C1294.o [1]
__Vectors_Size {Abs}          0x3c0          --   Gb  startup_TM4C1294.o [1]
__cmain                       0xc05         Code  Gb  cmain.o [4]
__exit                        0xc39   0x14  Code  Gb  exit.o [5]
__iar_data_init3              0xbcd   0x28  Code  Gb  data_init.o [4]
__iar_init_vfp                0xc55         Code  Wk  startup_TM4C1294.o [1]
__iar_program_start           0xc61         Code  Gb  cstartup_M.o [4]
__iar_zero_init3              0xa23   0x3a  Code  Gb  zero_init3.o [4]
__low_level_init              0xc23    0x4  Code  Gb  low_level_init.o [2]
__vector_table                  0x0         Data  Gb  startup_TM4C1294.o [1]
__vector_table_0x1c            0x1c         Data  Gb  startup_TM4C1294.o [1]
_call_main                    0xc11         Code  Gb  cmain.o [4]
_exit                         0xc2d         Code  Gb  cexit.o [4]
_main                         0xc1f         Code  Gb  cmain.o [4]
exit                          0xc27    0x4  Code  Gb  exit.o [2]
g_pppui32XTALtoVCO            0x6c4  0x1b0  Data  Lc  sysctl.o [3]
g_pui32VCOFrequencies         0x8a4    0x8  Data  Lc  sysctl.o [3]
g_pui32Xtals                  0x658   0x6c  Data  Lc  sysctl.o [3]
g_sXTALtoMEMTIM               0x874   0x30  Data  Lc  sysctl.o [3]
main                          0xa75   0xe2  Code  Gb  simple_io_main_sp.o [1]


[1] = C:\Users\DAELN\Downloads\EK-TM4C1294_IAR8\Projects\simple_io_main_sp\Debug\Obj
[2] = dl7M_tln.a
[3] = driverlib.a
[4] = rt7M_tl.a
[5] = shb_l.a

   3 164 bytes of readonly  code memory
      16 bytes of readonly  data memory
  32 773 bytes of readwrite data memory

Errors: none
Warnings: none
