###############################################################################
#
# IAR ELF Linker V8.30.1.114/W32 for ARM                  22/Aug/2019  19:16:37
# Copyright 2007-2018 IAR Systems AB.
#
#    Output file  =  
#        C:\Users\DAELN\Downloads\EK-TM4C1294_IAR8\Projects\lab1\Debug\Exe\lab1.out
#    Map file     =  
#        C:\Users\DAELN\Downloads\EK-TM4C1294_IAR8\Projects\lab1\Debug\List\lab1.map
#    Command line =  
#        -f C:\Users\DAELN\AppData\Local\Temp\EWD1EE.tmp
#        (C:\Users\DAELN\Downloads\EK-TM4C1294_IAR8\TivaWare_C_Series-2.1.4.178\driverlib\ewarm\Exe\driverlib.a
#        C:\Users\DAELN\Downloads\EK-TM4C1294_IAR8\Projects\lab1\Debug\Obj\lab1.o
#        C:\Users\DAELN\Downloads\EK-TM4C1294_IAR8\Projects\lab1\Debug\Obj\startup_TM4C1294.o
#        C:\Users\DAELN\Downloads\EK-TM4C1294_IAR8\Projects\lab1\Debug\Obj\system_TM4C1294_TW.o
#        --no_out_extension -o
#        C:\Users\DAELN\Downloads\EK-TM4C1294_IAR8\Projects\lab1\Debug\Exe\lab1.out
#        --redirect _Printf=_PrintfFullNoMb --redirect _Scanf=_ScanfFullNoMb
#        --map
#        C:\Users\DAELN\Downloads\EK-TM4C1294_IAR8\Projects\lab1\Debug\List\lab1.map
#        --config "C:\Program Files (x86)\IAR Systems\Embedded Workbench
#        8.1\arm\config\linker\TexasInstruments\TM4C1294NC.icf" --semihosting
#        --entry __iar_program_start --vfe --text_out locale)
#
###############################################################################

*******************************************************************************
*** RUNTIME MODEL ATTRIBUTES
***

CppFlavor       = *
__SystemLibrary = DLib
__dlib_version  = 6


*******************************************************************************
*** HEAP SELECTION
***

The basic heap was selected because some modules are built with
size limitations (and not runtime checking), and --advanced_heap
was not specified.


*******************************************************************************
*** PLACEMENT SUMMARY
***

"A0":  place at 0x0 { ro section .intvec };
"P1":  place in [from 0x0 to 0xf'ffff] { ro };
define block CSTACK with size = 32K, alignment = 8 { };
define block HEAP with size = 64K, alignment = 8 { };
"P2":  place in [from 0x2000'0000 to 0x2003'ffff] {
          rw, block CSTACK, block HEAP };

  Section          Kind         Address    Size  Object
  -------          ----         -------    ----  ------
"A0":                                     0x3c0
  .intvec          ro code          0x0   0x3c0  startup_TM4C1294.o [1]
                                - 0x3c0   0x3c0

"P1":                                     0x610
  .text            ro code        0x3c0   0x4a4  sysctl.o [3]
  .text            ro code        0x864    0x5c  lab1.o [1]
  .text            ro code        0x8c0     0x8  gpio.o [3]
  .text            ro code        0x8c8    0x3a  zero_init3.o [4]
  .text            ro code        0x902     0x2  startup_TM4C1294.o [1]
  .text            ro code        0x904    0x2c  system_TM4C1294_TW.o [1]
  .text            ro code        0x930    0x28  data_init.o [4]
  .iar.init_table  const          0x958    0x10  - Linker created -
  .text            ro code        0x968    0x1e  cmain.o [4]
  .text            ro code        0x986     0x4  low_level_init.o [2]
  .text            ro code        0x98a     0x4  exit.o [2]
  .text            ro code        0x990     0xa  cexit.o [4]
  .text            ro code        0x99c    0x14  exit.o [5]
  .text            ro code        0x9b0    0x14  startup_TM4C1294.o [1]
  .text            ro code        0x9c4     0xc  cstartup_M.o [4]
  .rodata          const          0x9d0     0x0  zero_init3.o [4]
                                - 0x9d0   0x610

"P2", part 1 of 2:                          0x4
  .bss             zero     0x2000'0000     0x1  lab1.o [1]
  .bss             zero     0x2000'0001     0x1  lab1.o [1]
                          - 0x2000'0002     0x2

"P2", part 2 of 2:                       0x8004
  .noinit          uninit   0x2000'0004     0x4  system_TM4C1294_TW.o [1]
  CSTACK                    0x2000'0008  0x8000  <Block>
    CSTACK         uninit   0x2000'0008  0x8000  <Block tail>
                          - 0x2000'8008  0x8004

Unused ranges:

         From           To      Size
         ----           --      ----
        0x9d0     0xf'ffff  0xf'f630
  0x2000'8008  0x2003'ffff  0x3'7ff8


*******************************************************************************
*** INIT TABLE
***

          Address      Size
          -------      ----
Zero (__iar_zero_init3)
    1 destination range, total size 0x2:
          0x2000'0000   0x2



*******************************************************************************
*** MODULE SUMMARY
***

    Module                ro code  ro data  rw data
    ------                -------  -------  -------
command line/config:
    -----------------------------------------------
    Total:

C:\Users\DAELN\Downloads\EK-TM4C1294_IAR8\Projects\lab1\Debug\Obj: [1]
    lab1.o                     92                 2
    startup_TM4C1294.o        982
    system_TM4C1294_TW.o       44                 4
    -----------------------------------------------
    Total:                  1 118                 6

dl7M_tln.a: [2]
    exit.o                      4
    low_level_init.o            4
    -----------------------------------------------
    Total:                      8

driverlib.a: [3]
    gpio.o                      8
    sysctl.o                1 188
    -----------------------------------------------
    Total:                  1 196

rt7M_tl.a: [4]
    cexit.o                    10
    cmain.o                    30
    cstartup_M.o               12
    data_init.o                40
    zero_init3.o               58
    -----------------------------------------------
    Total:                    150

shb_l.a: [5]
    exit.o                     20
    -----------------------------------------------
    Total:                     20

    Gaps                        4
    Linker created                      16   32 768
---------------------------------------------------
    Grand Total:            2 496       16   32 774


*******************************************************************************
*** ENTRY LIST
***

Entry                       Address   Size  Type      Object
-----                       -------   ----  ----      ------
.iar.init_table$$Base         0x958          --   Gb  - Linker created -
.iar.init_table$$Limit        0x968          --   Gb  - Linker created -
?main                         0x969         Code  Gb  cmain.o [4]
CSTACK$$Base            0x2000'0008          --   Gb  - Linker created -
CSTACK$$Limit           0x2000'8008          --   Gb  - Linker created -
GPIOPinWrite                  0x8c1    0x8  Code  Gb  gpio.o [3]
LED_D1                  0x2000'0000    0x1  Data  Gb  lab1.o [1]
LED_D2                  0x2000'0001    0x1  Data  Gb  lab1.o [1]
Region$$Table$$Base           0x958          --   Gb  - Linker created -
Region$$Table$$Limit          0x968          --   Gb  - Linker created -
SysCtlClockFreqSet            0x3e1  0x20a  Code  Gb  sysctl.o [3]
SystemCoreClock         0x2000'0004    0x4  Data  Gb  system_TM4C1294_TW.o [1]
SystemInit                    0x905   0x1a  Code  Gb  system_TM4C1294_TW.o [1]
_SysCtlMemTimingGet           0x3c1   0x20  Code  Lc  sysctl.o [3]
__Vectors                       0x0          --   Gb  startup_TM4C1294.o [1]
__Vectors_End                 0x3c0         Data  Gb  startup_TM4C1294.o [1]
__Vectors_Size {Abs}          0x3c0          --   Gb  startup_TM4C1294.o [1]
__cmain                       0x969         Code  Gb  cmain.o [4]
__exit                        0x99d   0x14  Code  Gb  exit.o [5]
__iar_data_init3              0x931   0x28  Code  Gb  data_init.o [4]
__iar_init_vfp                0x9b9         Code  Wk  startup_TM4C1294.o [1]
__iar_program_start           0x9c5         Code  Gb  cstartup_M.o [4]
__iar_zero_init3              0x8c9   0x3a  Code  Gb  zero_init3.o [4]
__low_level_init              0x987    0x4  Code  Gb  low_level_init.o [2]
__vector_table                  0x0         Data  Gb  startup_TM4C1294.o [1]
__vector_table_0x1c            0x1c         Data  Gb  startup_TM4C1294.o [1]
_call_main                    0x975         Code  Gb  cmain.o [4]
_exit                         0x991         Code  Gb  cexit.o [4]
_main                         0x983         Code  Gb  cmain.o [4]
exit                          0x98b    0x4  Code  Gb  exit.o [2]
g_pppui32XTALtoVCO            0x67c  0x1b0  Data  Lc  sysctl.o [3]
g_pui32VCOFrequencies         0x85c    0x8  Data  Lc  sysctl.o [3]
g_pui32Xtals                  0x610   0x6c  Data  Lc  sysctl.o [3]
g_sXTALtoMEMTIM               0x82c   0x30  Data  Lc  sysctl.o [3]
main                          0x865   0x5c  Code  Gb  lab1.o [1]


[1] = C:\Users\DAELN\Downloads\EK-TM4C1294_IAR8\Projects\lab1\Debug\Obj
[2] = dl7M_tln.a
[3] = driverlib.a
[4] = rt7M_tl.a
[5] = shb_l.a

   2 496 bytes of readonly  code memory
      16 bytes of readonly  data memory
  32 774 bytes of readwrite data memory

Errors: none
Warnings: none
