###############################################################################
#
# IAR ELF Linker V8.40.1.212/W32 for ARM                  29/Sep/2019  21:18:25
# Copyright 2007-2019 IAR Systems AB.
#
#    Output file  =
#        C:\Users\Davi\Desktop\GIT\Embarcados\Pratica\Projects\lab2\Debug\Exe\lab2.out
#    Map file     =
#        C:\Users\Davi\Desktop\GIT\Embarcados\Pratica\Projects\lab2\Debug\List\lab2.map
#    Command line =
#        -f C:\Users\Davi\AppData\Local\Temp\EW5721.tmp
#        (C:\Users\Davi\Desktop\GIT\Embarcados\Pratica\TivaWare_C_Series-2.1.4.178\driverlib\ewarm\Exe\driverlib.a
#        C:\Users\Davi\Desktop\GIT\Embarcados\Pratica\Projects\lab2\Debug\Obj\lab2.o
#        C:\Users\Davi\Desktop\GIT\Embarcados\Pratica\Projects\lab2\Debug\Obj\startup_TM4C1294.o
#        C:\Users\Davi\Desktop\GIT\Embarcados\Pratica\Projects\lab2\Debug\Obj\system_TM4C1294_TW.o
#        C:\Users\Davi\Desktop\GIT\Embarcados\Pratica\Projects\lab2\Debug\Obj\uartstdio.o
#        --no_out_extension -o
#        C:\Users\Davi\Desktop\GIT\Embarcados\Pratica\Projects\lab2\Debug\Exe\lab2.out
#        --map
#        C:\Users\Davi\Desktop\GIT\Embarcados\Pratica\Projects\lab2\Debug\List\lab2.map
#        --config "C:\Program Files (x86)\IAR Systems\Embedded Workbench
#        8.3\arm\config\linker\TexasInstruments\TM4C1294NC.icf" --semihosting
#        --entry __iar_program_start --vfe --text_out locale)
#
###############################################################################

*******************************************************************************
*** RUNTIME MODEL ATTRIBUTES
***

CppFlavor       = *
__SystemLibrary = DLib
__dlib_version  = 6


*******************************************************************************
*** HEAP SELECTION
***

The basic heap was selected because some modules are built with
size limitations (and not runtime checking), and --advanced_heap
was not specified.


*******************************************************************************
*** PLACEMENT SUMMARY
***

"A0":  place at address 0x0 { ro section .intvec };
"P1":  place in [from 0x0 to 0xf'ffff] { ro };
define block CSTACK with size = 32K, alignment = 8 { };
define block HEAP with size = 64K, alignment = 8 { };
"P2":  place in [from 0x2000'0000 to 0x2003'ffff] {
          rw, block CSTACK, block HEAP };

  Section          Kind         Address    Size  Object
  -------          ----         -------    ----  ------
"A0":                                     0x3c0
  .intvec          ro code          0x0   0x3c0  startup_TM4C1294.o [1]
                                - 0x3c0   0x3c0

"P1":                                     0xe48
  .text            ro code        0x3c0   0x4f8  sysctl.o [3]
  .text            ro code        0x8b8   0x348  uartstdio.o [1]
  .text            ro code        0xc00    0xec  interrupt.o [3]
  .text            ro code        0xcec   0x114  uart.o [3]
  .text            ro code        0xe00    0x10  cpu.o [3]
  .text            ro code        0xe10   0x234  gpio.o [3]
  .text            ro code       0x1044    0xa4  lab2.o [1]
  .text            ro code       0x10e8    0x3a  zero_init3.o [4]
  .text            ro code       0x1122     0x2  startup_TM4C1294.o [1]
  .text            ro code       0x1124    0x28  data_init.o [4]
  .iar.init_table  const         0x114c    0x10  - Linker created -
  .text            ro code       0x115c    0x20  system_TM4C1294_TW.o [1]
  .text            ro code       0x117c    0x1e  cmain.o [4]
  .text            ro code       0x119a     0x4  low_level_init.o [2]
  .text            ro code       0x119e     0x4  exit.o [2]
  .text            ro code       0x11a4     0xa  cexit.o [4]
  .text            ro code       0x11b0    0x14  exit.o [5]
  .text            ro code       0x11c4    0x14  startup_TM4C1294.o [1]
  .rodata          const         0x11d8     0xc  uartstdio.o [1]
  .rodata          const         0x11e4     0xc  uartstdio.o [1]
  .rodata          const         0x11f0     0xc  uartstdio.o [1]
  .text            ro code       0x11fc     0xc  cstartup_M.o [4]
  .rodata          const         0x1208     0x0  zero_init3.o [4]
                               - 0x1208   0xe48

"P2", part 1 of 2:                        0x49c
  .bss             zero     0x2000'0000   0x400  uartstdio.o [1]
  .bss             zero     0x2000'0400    0x80  uartstdio.o [1]
  .bss             zero     0x2000'0480     0x4  uartstdio.o [1]
  .bss             zero     0x2000'0484     0x4  uartstdio.o [1]
  .bss             zero     0x2000'0488     0x4  uartstdio.o [1]
  .bss             zero     0x2000'048c     0x4  uartstdio.o [1]
  .bss             zero     0x2000'0490     0x4  uartstdio.o [1]
  .bss             zero     0x2000'0494     0x4  uartstdio.o [1]
  .bss             zero     0x2000'0498     0x1  uartstdio.o [1]
  .bss             zero     0x2000'0499     0x1  uartstdio.o [1]
                          - 0x2000'049a   0x49a

"P2", part 2 of 2:                       0x8004
  .noinit          uninit   0x2000'049c     0x4  system_TM4C1294_TW.o [1]
  CSTACK                    0x2000'04a0  0x8000  <Block>
    CSTACK         uninit   0x2000'04a0  0x8000  <Block tail>
                          - 0x2000'84a0  0x8004

Unused ranges:

         From           To      Size
         ----           --      ----
       0x1208     0xf'ffff  0xf'edf8
  0x2000'84a0  0x2003'ffff  0x3'7b60


*******************************************************************************
*** INIT TABLE
***

          Address      Size
          -------      ----
Zero (__iar_zero_init3)
    1 destination range, total size 0x49a:
          0x2000'0000  0x49a



*******************************************************************************
*** MODULE SUMMARY
***

    Module                ro code  ro data  rw data
    ------                -------  -------  -------
command line/config:
    -----------------------------------------------
    Total:

C:\Users\Davi\Desktop\GIT\Embarcados\Pratica\Projects\lab2\Debug\Obj: [1]
    lab2.o                    164
    startup_TM4C1294.o        982
    system_TM4C1294_TW.o       32                 4
    uartstdio.o               840       36    1'178
    -----------------------------------------------
    Total:                  2'018       36    1'182

dl7M_tln.a: [2]
    exit.o                      4
    low_level_init.o            4
    -----------------------------------------------
    Total:                      8

driverlib.a: [3]
    cpu.o                      16
    gpio.o                    564
    interrupt.o               236
    sysctl.o                1'272
    uart.o                    276
    -----------------------------------------------
    Total:                  2'364

rt7M_tl.a: [4]
    cexit.o                    10
    cmain.o                    30
    cstartup_M.o               12
    data_init.o                40
    zero_init3.o               58
    -----------------------------------------------
    Total:                    150

shb_l.a: [5]
    exit.o                     20
    -----------------------------------------------
    Total:                     20

    Gaps                        4
    Linker created                      16   32'768
---------------------------------------------------
    Grand Total:            4'564       52   33'950


*******************************************************************************
*** ENTRY LIST
***

Entry                       Address   Size  Type      Object
-----                       -------   ----  ----      ------
.iar.init_table$$Base        0x114c          --   Gb  - Linker created -
.iar.init_table$$Limit       0x115c          --   Gb  - Linker created -
?main                        0x117d         Code  Gb  cmain.o [4]
CPUcpsid                      0xe01    0x8  Code  Gb  cpu.o [3]
CPUcpsie                      0xe09    0x8  Code  Gb  cpu.o [3]
CSTACK$$Base            0x2000'04a0          --   Gb  - Linker created -
CSTACK$$Limit           0x2000'84a0          --   Gb  - Linker created -
GPIODirModeSet                0xe11   0x28  Code  Gb  gpio.o [3]
GPIOInit                     0x109b   0x2c  Code  Gb  lab2.o [1]
GPIOPadConfigSet              0xe39  0x102  Code  Gb  gpio.o [3]
GPIOPinConfigure              0xf79   0x36  Code  Gb  gpio.o [3]
GPIOPinTypeGPIOInput          0xf3f   0x14  Code  Gb  gpio.o [3]
GPIOPinTypeUART               0xf5b   0x14  Code  Gb  gpio.o [3]
IntDisable                    0xc61   0x46  Code  Gb  interrupt.o [3]
IntEnable                     0xc19   0x46  Code  Gb  interrupt.o [3]
IntMasterDisable              0xc09    0x6  Code  Gb  interrupt.o [3]
IntMasterEnable               0xc01    0x8  Code  Gb  interrupt.o [3]
IsBufferEmpty                 0x8d5   0x12  Code  Lc  uartstdio.o [1]
IsBufferFull                  0x8b9   0x1c  Code  Lc  uartstdio.o [1]
Region$$Table$$Base          0x114c          --   Gb  - Linker created -
Region$$Table$$Limit         0x115c          --   Gb  - Linker created -
SysCtlClockFreqSet            0x42b  0x20a  Code  Gb  sysctl.o [3]
SysCtlPeripheralEnable        0x40d    0x8  Code  Gb  sysctl.o [3]
SysCtlPeripheralPresent
                              0x3e1    0xa  Code  Gb  sysctl.o [3]
SysCtlPeripheralReady         0x3eb    0x8  Code  Gb  sysctl.o [3]
SystemCoreClock         0x2000'049c    0x4  Data  Gb  system_TM4C1294_TW.o [1]
SystemInit                   0x115d   0x10  Code  Gb  system_TM4C1294_TW.o [1]
UART0_Handler                0x1093    0x8  Code  Gb  lab2.o [1]
UARTCharGetNonBlocking        0xdb3   0x14  Code  Gb  uart.o [3]
UARTCharPutNonBlocking        0xdc7   0x16  Code  Gb  uart.o [3]
UARTCharsAvail                0xd9b    0x8  Code  Gb  uart.o [3]
UARTConfigSetExpClk           0xcf5   0x5c  Code  Gb  uart.o [3]
UARTDisable                   0xd6b   0x22  Code  Gb  uart.o [3]
UARTEnable                    0xd51   0x1a  Code  Gb  uart.o [3]
UARTFIFOLevelSet              0xced    0x8  Code  Gb  uart.o [3]
UARTFlushRx                   0xa61   0x1c  Code  Gb  uartstdio.o [1]
UARTFlushTx                   0xa7d   0x30  Code  Gb  uartstdio.o [1]
UARTInit                     0x1045   0x4e  Code  Gb  lab2.o [1]
UARTIntClear                  0xdfb    0x6  Code  Gb  uart.o [3]
UARTIntDisable                0xde3    0x4  Code  Gb  uart.o [3]
UARTIntEnable                 0xddd    0x6  Code  Gb  uart.o [3]
UARTIntStatus                 0xdef    0xc  Code  Gb  uart.o [3]
UARTPrimeTransmit             0x8e7   0x6a  Code  Lc  uartstdio.o [1]
UARTSpaceAvail                0xda3    0x6  Code  Gb  uart.o [3]
UARTStdioConfig               0x951   0x7e  Code  Gb  uartstdio.o [1]
UARTStdioIntHandler           0xaad  0x116  Code  Gb  uartstdio.o [1]
UARTStdioIntHandler::bLastWasCR
                        0x2000'0499    0x1  Data  Lc  uartstdio.o [1]
UARTwrite                     0x9cf   0x92  Code  Gb  uartstdio.o [1]
_SysCtlMemTimingGet           0x3c1   0x20  Code  Lc  sysctl.o [3]
__Vectors                       0x0          --   Gb  startup_TM4C1294.o [1]
__Vectors_End                 0x3c0         Data  Gb  startup_TM4C1294.o [1]
__Vectors_Size {Abs}          0x3c0          --   Gb  startup_TM4C1294.o [1]
__cmain                      0x117d         Code  Gb  cmain.o [4]
__exit                       0x11b1   0x14  Code  Gb  exit.o [5]
__iar_data_init3             0x1125   0x28  Code  Gb  data_init.o [4]
__iar_init_vfp               0x11cd         Code  Wk  startup_TM4C1294.o [1]
__iar_program_start          0x11fd         Code  Gb  cstartup_M.o [4]
__iar_zero_init3             0x10e9   0x3a  Code  Gb  zero_init3.o [4]
__low_level_init             0x119b    0x4  Code  Gb  low_level_init.o [2]
__vector_table                  0x0         Data  Gb  startup_TM4C1294.o [1]
__vector_table_0x1c            0x1c         Data  Gb  startup_TM4C1294.o [1]
_call_main                   0x1189         Code  Gb  cmain.o [4]
_exit                        0x11a5         Code  Gb  cexit.o [4]
_main                        0x1197         Code  Gb  cmain.o [4]
exit                         0x119f    0x4  Code  Gb  exit.o [2]
g_bDisableEcho          0x2000'0498    0x1  Data  Lc  uartstdio.o [1]
g_pcUARTRxBuffer        0x2000'0400   0x80  Data  Lc  uartstdio.o [1]
g_pcUARTTxBuffer        0x2000'0000  0x400  Data  Lc  uartstdio.o [1]
g_pppui32XTALtoVCO            0x6d0  0x1b0  Data  Lc  sysctl.o [3]
g_pui32Dii16Regs              0xcd8   0x14  Data  Lc  interrupt.o [3]
g_pui32EnRegs                 0xcc4   0x14  Data  Lc  interrupt.o [3]
g_pui32GPIOBaseAddrs          0xfb4   0x90  Data  Lc  gpio.o [3]
g_pui32VCOFrequencies         0x8b0    0x8  Data  Lc  sysctl.o [3]
g_pui32Xtals                  0x664   0x6c  Data  Lc  sysctl.o [3]
g_sXTALtoMEMTIM               0x880   0x30  Data  Lc  sysctl.o [3]
g_ui32Base              0x2000'0490    0x4  Data  Lc  uartstdio.o [1]
g_ui32PortNum           0x2000'0494    0x4  Data  Lc  uartstdio.o [1]
g_ui32UARTBase               0x11d8    0xc  Data  Lc  uartstdio.o [1]
g_ui32UARTInt                0x11e4    0xc  Data  Lc  uartstdio.o [1]
g_ui32UARTPeriph             0x11f0    0xc  Data  Lc  uartstdio.o [1]
g_ui32UARTRxReadIndex   0x2000'048c    0x4  Data  Lc  uartstdio.o [1]
g_ui32UARTRxWriteIndex  0x2000'0488    0x4  Data  Lc  uartstdio.o [1]
g_ui32UARTTxReadIndex   0x2000'0484    0x4  Data  Lc  uartstdio.o [1]
g_ui32UARTTxWriteIndex  0x2000'0480    0x4  Data  Lc  uartstdio.o [1]
main                         0x10dd    0xc  Code  Gb  lab2.o [1]


[1] = C:\Users\Davi\Desktop\GIT\Embarcados\Pratica\Projects\lab2\Debug\Obj
[2] = dl7M_tln.a
[3] = driverlib.a
[4] = rt7M_tl.a
[5] = shb_l.a

   4'564 bytes of readonly  code memory
      52 bytes of readonly  data memory
  33'950 bytes of readwrite data memory

Errors: none
Warnings: none
